[36mvite v5.4.19 [32mbuilding for production...[36m[39m
transforming...
node.exe : Browserslist: 
browsers data (caniuse-lite) 
is 9 months old. Please run:
At line:1 char:1
+ & "C:\Program 
Files\nodejs/node.exe" 
"C:\Program 
Files\nodejs/node_mo ...
+ ~~~~~~~~~~~~~~~~~~~~~~~~~~~
~~~~~~~~~~~~~~~~~~~~~~~~~~~~~
~~~~~~~~~~~~~
    + CategoryInfo           
   : NotSpecified: (Browser  
  slist: b...ld. Please ru   
 n::String) [], RemoteExc    
eption
    + FullyQualifiedErrorId  
   : NativeCommandError
 
  npx 
update-browserslist-db@latest
  Why you should do it 
regularly: https://github.com
/browserslist/update-db#readm
e
[32mÔ£ô[39m 6 modules transformed.
[31mx[39m Build failed in 
1.28s
[31merror during build:
[31m[vite:build-import-analy
sis] [plugin 
vite:build-import-analysis] 
src/Admin/login.js (41:114): 
Failed to parse source for 
import analysis because the 
content contains invalid JS 
syntax. If you are using 
JSX, make sure to name the 
file with the .jsx or .tsx 
extension.[31m
file: [36mC:/Users/91876/One
Drive/Desktop/projects/sanmat
i-pharmacy-hub-main/sanmati-p
harmacy-hub-main/src/Admin/lo
gin.js:41:114[31m
[33m
39:         <div 
className="section-padding 
flex justify-center 
items-center min-h-[70vh]">
40:             <div 
className="medical-card 
w-full max-w-md bg-white">
41:                 <h2 
className="text-2xl 
font-bold font-heading 
text-center mb-6 
text-foreground">Welcome 
Back</h2>
                             
                             
                             
                             
  ^
42:                 <form 
onSubmit={handleLogin} 
className="space-y-4">
43:                     <div>
[31m
    at getRollupError (file:/
//C:/Users/91876/OneDrive/Des
ktop/projects/sanmati-pharmac
y-hub-main/sanmati-pharmacy-h
ub-main/node_modules/rollup/d
ist/es/shared/parseAst.js:395
:41)
    at error (file:///C:/User
s/91876/OneDrive/Desktop/proj
ects/sanmati-pharmacy-hub-mai
n/sanmati-pharmacy-hub-main/n
ode_modules/rollup/dist/es/sh
ared/parseAst.js:391:42)
    at Object.error (file:///
C:/Users/91876/OneDrive/Deskt
op/projects/sanmati-pharmacy-
hub-main/sanmati-pharmacy-hub
-main/node_modules/rollup/dis
t/es/shared/node-entry.js:205
45:20)
    at Object.error (file:///
C:/Users/91876/OneDrive/Deskt
op/projects/sanmati-pharmacy-
hub-main/sanmati-pharmacy-hub
-main/node_modules/rollup/dis
t/es/shared/node-entry.js:196
04:42)
    at Object.transform (file
:///C:/Users/91876/OneDrive/D
esktop/projects/sanmati-pharm
acy-hub-main/sanmati-pharmacy
-hub-main/node_modules/vite/d
ist/node/chunks/dep-C6uTJdX2.
js:64897:14)[39m
